

================================================================
== Vitis HLS Report for 'lz4CompressPart1_4096_1_Pipeline_lz4_divide'
================================================================
* Date:           Sat Nov  1 14:11:35 2025

* Version:        2024.2 (Build 5238294 on Nov  8 2024)
* Project:        hls
* Solution:       hls (Vivado IP Flow Target)
* Product family: zynq
* Target device:  xc7z020-clg484-1


================================================================
== Performance Estimates
================================================================
+ Timing: 
    * Summary: 
    +--------+----------+----------+------------+
    |  Clock |  Target  | Estimated| Uncertainty|
    +--------+----------+----------+------------+
    |ap_clk  |  15.00 ns|  6.101 ns|     1.50 ns|
    +--------+----------+----------+------------+

+ Latency: 
    * Summary: 
    +---------+---------+----------+----------+-----+-----+------------------------------------------------+
    |  Latency (cycles) |  Latency (absolute) |  Interval |                    Pipeline                    |
    |   min   |   max   |    min   |    max   | min | max |                      Type                      |
    +---------+---------+----------+----------+-----+-----+------------------------------------------------+
    |        ?|        ?|         ?|         ?|    0|    0|  loop auto-rewind stp (delay=0 clock cycles(s))|
    +---------+---------+----------+----------+-----+-----+------------------------------------------------+

    + Detail: 
        * Instance: 
        N/A

        * Loop: 
        +--------------+---------+---------+----------+-----------+-----------+------+----------+
        |              |  Latency (cycles) | Iteration|  Initiation Interval  | Trip |          |
        |   Loop Name  |   min   |   max   |  Latency |  achieved |   target  | Count| Pipelined|
        +--------------+---------+---------+----------+-----------+-----------+------+----------+
        |- lz4_divide  |        ?|        ?|         2|          1|          1|     ?|       yes|
        +--------------+---------+---------+----------+-----------+-----------+------+----------+



================================================================
== Utilization Estimates
================================================================
* Summary: 
+-----------------+---------+-----+--------+-------+-----+
|       Name      | BRAM_18K| DSP |   FF   |  LUT  | URAM|
+-----------------+---------+-----+--------+-------+-----+
|DSP              |        -|    -|       -|      -|    -|
|Expression       |        -|    -|       0|    245|    -|
|FIFO             |        -|    -|       -|      -|    -|
|Instance         |        -|    -|       -|      -|    -|
|Memory           |        -|    -|       -|      -|    -|
|Multiplexer      |        -|    -|       0|     81|    -|
|Register         |        -|    -|     169|      -|    -|
+-----------------+---------+-----+--------+-------+-----+
|Total            |        0|    0|     169|    326|    0|
+-----------------+---------+-----+--------+-------+-----+
|Available        |      280|  220|  106400|  53200|    0|
+-----------------+---------+-----+--------+-------+-----+
|Utilization (%)  |        0|    0|      ~0|     ~0|    0|
+-----------------+---------+-----+--------+-------+-----+

+ Detail: 
    * Instance: 
    N/A

    * DSP: 
    N/A

    * Memory: 
    N/A

    * FIFO: 
    N/A

    * Expression: 
    +---------------------------------------+----------+----+---+----+------------+------------+
    |             Variable Name             | Operation| DSP| FF| LUT| Bitwidth P0| Bitwidth P1|
    +---------------------------------------+----------+----+---+----+------------+------------+
    |i_11_fu_264_p2                         |         +|   0|  0|  39|          32|          32|
    |lit_count_3_fu_236_p2                  |         +|   0|  0|  39|          32|           1|
    |match_len_fu_275_p2                    |         +|   0|  0|  15|           8|           4|
    |ap_block_pp0_stage0_01001_grp1         |       and|   0|  0|   2|           1|           1|
    |ap_block_pp0_stage0_01001_grp2         |       and|   0|  0|   2|           1|           1|
    |ap_block_state2_pp0_stage0_iter1       |       and|   0|  0|   2|           1|           1|
    |ap_block_state3_pp0_stage0_iter2_grp1  |       and|   0|  0|   2|           1|           1|
    |ap_block_state3_pp0_stage0_iter2_grp2  |       and|   0|  0|   2|           1|           1|
    |ap_condition_340                       |       and|   0|  0|   2|           1|           1|
    |ap_condition_343                       |       and|   0|  0|   2|           1|           1|
    |ap_predicate_op31_read_state2          |       and|   0|  0|   2|           1|           1|
    |ap_predicate_op52_write_state3         |       and|   0|  0|   2|           1|           1|
    |ap_predicate_op57_write_state3         |       and|   0|  0|   2|           1|           1|
    |icmp_ln59_fu_174_p2                    |      icmp|   0|  0|  39|          32|          32|
    |icmp_ln62_fu_179_p2                    |      icmp|   0|  0|  39|          32|          32|
    |icmp_ln68_fu_219_p2                    |      icmp|   0|  0|  27|          20|           1|
    |icmp_ln83_fu_225_p2                    |      icmp|   0|  0|  15|           8|           1|
    |ap_block_pp0_stage0_01001              |        or|   0|  0|   2|           1|           1|
    |select_ln83_fu_252_p3                  |    select|   0|  0|   8|           1|           8|
    |ap_enable_pp0                          |       xor|   0|  0|   2|           1|           2|
    +---------------------------------------+----------+----+---+----+------------+------------+
    |Total                                  |          |   0|  0| 245|         177|         124|
    +---------------------------------------+----------+----+---+----+------------+------------+

    * Multiplexer: 
    +-------------------------+----+-----------+-----+-----------+
    |           Name          | LUT| Input Size| Bits| Total Bits|
    +-------------------------+----+-----------+-----+-----------+
    |ap_done_int              |   9|          2|    1|          2|
    |ap_enable_reg_pp0_iter1  |   9|          2|    1|          2|
    |ap_enable_reg_pp0_iter2  |   9|          2|    1|          2|
    |boosterStream_blk_n      |   9|          2|    1|          2|
    |i_fu_76                  |   9|          2|   32|         64|
    |lenOffset_Stream_blk_n   |   9|          2|    1|          2|
    |lit_count_fu_84          |   9|          2|   32|         64|
    |lit_outStream_blk_n      |   9|          2|    1|          2|
    |tmpEncodedValue_fu_88    |   9|          2|   32|         64|
    +-------------------------+----+-----------+-----+-----------+
    |Total                    |  81|         18|  102|        204|
    +-------------------------+----+-----------+-----+-----------+

    * Register: 
    +-------------------------------------------+----+----+-----+-----------+
    |                    Name                   | FF | LUT| Bits| Const Bits|
    +-------------------------------------------+----+----+-----+-----------+
    |ap_CS_fsm                                  |   1|   0|    1|          0|
    |ap_block_pp0_stage0_subdone_grp1_done_reg  |   1|   0|    1|          0|
    |ap_block_pp0_stage0_subdone_grp2_done_reg  |   1|   0|    1|          0|
    |ap_done_reg                                |   1|   0|    1|          0|
    |ap_enable_reg_pp0_iter1                    |   1|   0|    1|          0|
    |ap_enable_reg_pp0_iter2                    |   1|   0|    1|          0|
    |i_fu_76                                    |  32|   0|   32|          0|
    |icmp_ln68_reg_362                          |   1|   0|    1|          0|
    |icmp_ln83_reg_366                          |   1|   0|    1|          0|
    |lit_count_2_reg_336                        |  32|   0|   32|          0|
    |lit_count_flag_fu_80                       |   1|   0|   32|         31|
    |lit_count_fu_84                            |  32|   0|   32|          0|
    |tCh_reg_347                                |   8|   0|    8|          0|
    |tLen_reg_352                               |   8|   0|    8|          0|
    |tOffset_reg_357                            |  16|   0|   16|          0|
    |tmpEncodedValue_fu_88                      |  32|   0|   32|          0|
    +-------------------------------------------+----+----+-----+-----------+
    |Total                                      | 169|   0|  200|         31|
    +-------------------------------------------+----+----+-----+-----------+



================================================================
== Interface
================================================================
* Summary: 
+---------------------------------+-----+-----+------------+-----------------------------------------------+--------------+
|            RTL Ports            | Dir | Bits|  Protocol  |                 Source Object                 |    C Type    |
+---------------------------------+-----+-----+------------+-----------------------------------------------+--------------+
|ap_clk                           |   in|    1|  ap_ctrl_hs|  lz4CompressPart1<4096, 1>_Pipeline_lz4_divide|  return value|
|ap_rst                           |   in|    1|  ap_ctrl_hs|  lz4CompressPart1<4096, 1>_Pipeline_lz4_divide|  return value|
|ap_start                         |   in|    1|  ap_ctrl_hs|  lz4CompressPart1<4096, 1>_Pipeline_lz4_divide|  return value|
|ap_done                          |  out|    1|  ap_ctrl_hs|  lz4CompressPart1<4096, 1>_Pipeline_lz4_divide|  return value|
|ap_idle                          |  out|    1|  ap_ctrl_hs|  lz4CompressPart1<4096, 1>_Pipeline_lz4_divide|  return value|
|ap_ready                         |  out|    1|  ap_ctrl_hs|  lz4CompressPart1<4096, 1>_Pipeline_lz4_divide|  return value|
|boosterStream_dout               |   in|   32|     ap_fifo|                                  boosterStream|       pointer|
|boosterStream_empty_n            |   in|    1|     ap_fifo|                                  boosterStream|       pointer|
|boosterStream_read               |  out|    1|     ap_fifo|                                  boosterStream|       pointer|
|boosterStream_num_data_valid     |   in|    4|     ap_fifo|                                  boosterStream|       pointer|
|boosterStream_fifo_cap           |   in|    4|     ap_fifo|                                  boosterStream|       pointer|
|lit_outStream_din                |  out|    8|     ap_fifo|                                  lit_outStream|       pointer|
|lit_outStream_full_n             |   in|    1|     ap_fifo|                                  lit_outStream|       pointer|
|lit_outStream_write              |  out|    1|     ap_fifo|                                  lit_outStream|       pointer|
|lit_outStream_num_data_valid     |   in|   13|     ap_fifo|                                  lit_outStream|       pointer|
|lit_outStream_fifo_cap           |   in|   13|     ap_fifo|                                  lit_outStream|       pointer|
|lenOffset_Stream_din             |  out|   64|     ap_fifo|                               lenOffset_Stream|       pointer|
|lenOffset_Stream_full_n          |   in|    1|     ap_fifo|                               lenOffset_Stream|       pointer|
|lenOffset_Stream_write           |  out|    1|     ap_fifo|                               lenOffset_Stream|       pointer|
|lenOffset_Stream_num_data_valid  |   in|    6|     ap_fifo|                               lenOffset_Stream|       pointer|
|lenOffset_Stream_fifo_cap        |   in|    6|     ap_fifo|                               lenOffset_Stream|       pointer|
|empty                            |   in|   32|     ap_none|                                          empty|        scalar|
|input_size_4                     |   in|   32|     ap_none|                                   input_size_4|        scalar|
|sub                              |   in|   32|     ap_none|                                            sub|        scalar|
|lit_count_out                    |  out|   32|      ap_vld|                                  lit_count_out|       pointer|
|lit_count_out_ap_vld             |  out|    1|      ap_vld|                                  lit_count_out|       pointer|
|lit_count_flag_out               |  out|   32|      ap_vld|                             lit_count_flag_out|       pointer|
|lit_count_flag_out_ap_vld        |  out|    1|      ap_vld|                             lit_count_flag_out|       pointer|
+---------------------------------+-----+-----+------------+-----------------------------------------------+--------------+

