

================================================================
== Vitis HLS Report for 'lzBooster_255_16384_64_Pipeline_lz_booster'
================================================================
* Date:           Sat Nov  1 14:11:35 2025

* Version:        2024.2 (Build 5238294 on Nov  8 2024)
* Project:        hls
* Solution:       hls (Vivado IP Flow Target)
* Product family: zynq
* Target device:  xc7z020-clg484-1


================================================================
== Performance Estimates
================================================================
+ Timing: 
    * Summary: 
    +--------+----------+----------+------------+
    |  Clock |  Target  | Estimated| Uncertainty|
    +--------+----------+----------+------------+
    |ap_clk  |  15.00 ns|  6.945 ns|     1.50 ns|
    +--------+----------+----------+------------+

+ Latency: 
    * Summary: 
    +---------+---------+----------+----------+-----+-----+------------------------------------------------+
    |  Latency (cycles) |  Latency (absolute) |  Interval |                    Pipeline                    |
    |   min   |   max   |    min   |    max   | min | max |                      Type                      |
    +---------+---------+----------+----------+-----+-----+------------------------------------------------+
    |        ?|        ?|         ?|         ?|    0|    0|  loop auto-rewind stp (delay=0 clock cycles(s))|
    +---------+---------+----------+----------+-----+-----+------------------------------------------------+

    + Detail: 
        * Instance: 
        N/A

        * Loop: 
        +--------------+---------+---------+----------+-----------+-----------+------+----------+
        |              |  Latency (cycles) | Iteration|  Initiation Interval  | Trip |          |
        |   Loop Name  |   min   |   max   |  Latency |  achieved |   target  | Count| Pipelined|
        +--------------+---------+---------+----------+-----------+-----------+------+----------+
        |- lz_booster  |        ?|        ?|         4|          1|          1|     ?|       yes|
        +--------------+---------+---------+----------+-----------+-----------+------+----------+



================================================================
== Utilization Estimates
================================================================
* Summary: 
+-----------------+---------+-----+--------+-------+-----+
|       Name      | BRAM_18K| DSP |   FF   |  LUT  | URAM|
+-----------------+---------+-----+--------+-------+-----+
|DSP              |        -|    -|       -|      -|    -|
|Expression       |        -|    -|       0|    422|    -|
|FIFO             |        -|    -|       -|      -|    -|
|Instance         |        -|    -|       -|      -|    -|
|Memory           |        8|    -|       0|      0|    0|
|Multiplexer      |        -|    -|       0|    197|    -|
|Register         |        -|    -|     390|     32|    -|
+-----------------+---------+-----+--------+-------+-----+
|Total            |        8|    0|     390|    651|    0|
+-----------------+---------+-----+--------+-------+-----+
|Available        |      280|  220|  106400|  53200|    0|
+-----------------+---------+-----+--------+-------+-----+
|Utilization (%)  |        2|    0|      ~0|      1|    0|
+-----------------+---------+-----+--------+-------+-----+

+ Detail: 
    * Instance: 
    N/A

    * DSP: 
    N/A

    * Memory: 
    +-------------+--------------------------------------------------------------------+---------+---+----+-----+-------+-----+------+-------------+
    |    Memory   |                               Module                               | BRAM_18K| FF| LUT| URAM| Words | Bits| Banks| W*Bits*Banks|
    +-------------+--------------------------------------------------------------------+---------+---+----+-----+-------+-----+------+-------------+
    |local_mem_U  |lzBooster_255_16384_64_Pipeline_lz_booster_local_mem_RAM_AUTO_1R1W  |        8|  0|   0|    0|  16384|    8|     1|       131072|
    +-------------+--------------------------------------------------------------------+---------+---+----+-----+-------+-----+------+-------------+
    |Total        |                                                                    |        8|  0|   0|    0|  16384|    8|     1|       131072|
    +-------------+--------------------------------------------------------------------+---------+---+----+-----+-------+-----+------+-------------+

    * FIFO: 
    N/A

    * Expression: 
    +---------------------------------------+----------+----+---+----+------------+------------+
    |             Variable Name             | Operation| DSP| FF| LUT| Bitwidth P0| Bitwidth P1|
    +---------------------------------------+----------+----+---+----+------------+------------+
    |i_5_fu_250_p2                          |         +|   0|  0|  39|          32|           1|
    |match_len_3_fu_489_p2                  |         +|   0|  0|  39|          32|           1|
    |match_loc_4_fu_495_p2                  |         +|   0|  0|  39|          32|           1|
    |skip_len_5_fu_325_p2                   |         +|   0|  0|  23|          16|           2|
    |skip_len_6_fu_397_p2                   |         +|   0|  0|  15|           8|           2|
    |match_loc_5_fu_373_p2                  |         -|   0|  0|  39|          32|          32|
    |outValue_1_fu_509_p4                   |      1003|   0|  0|   2|          32|           8|
    |and_ln591_1_fu_364_p2                  |       and|   0|  0|   2|           1|           1|
    |and_ln591_fu_358_p2                    |       and|   0|  0|   2|           1|           1|
    |ap_block_pp0                           |       and|   0|  0|   2|           1|           1|
    |ap_block_state2_pp0_stage0_iter1_grp1  |       and|   0|  0|   2|           1|           1|
    |ap_block_state4_pp0_stage0_iter3_grp1  |       and|   0|  0|   2|           1|           1|
    |ap_condition_274                       |       and|   0|  0|   2|           1|           1|
    |ap_condition_543                       |       and|   0|  0|   2|           1|           1|
    |ap_enable_state2_pp0_iter1_stage0      |       and|   0|  0|   2|           1|           1|
    |ap_enable_state3_pp0_iter2_stage0      |       and|   0|  0|   2|           1|           1|
    |ap_enable_state4_pp0_iter3_stage0      |       and|   0|  0|   2|           1|           1|
    |ap_predicate_op101_load_state3         |       and|   0|  0|   2|           1|           1|
    |ap_predicate_op107_load_state4         |       and|   0|  0|   2|           1|           1|
    |ap_predicate_op109_load_state4         |       and|   0|  0|   2|           1|           1|
    |ap_predicate_op112_write_state4        |       and|   0|  0|   2|           1|           1|
    |ap_predicate_op114_load_state4         |       and|   0|  0|   2|           1|           1|
    |ap_predicate_op51_load_state3          |       and|   0|  0|   2|           1|           1|
    |ap_predicate_op67_load_state3          |       and|   0|  0|   2|           1|           1|
    |boostFlag_fu_295_p2                    |      icmp|   0|  0|  10|           2|           1|
    |icmp_ln573_fu_244_p2                   |      icmp|   0|  0|  39|          32|          32|
    |icmp_ln589_fu_319_p2                   |      icmp|   0|  0|  23|          16|           1|
    |icmp_ln591_1_fu_353_p2                 |      icmp|   0|  0|  15|           8|           8|
    |icmp_ln591_fu_347_p2                   |      icmp|   0|  0|  39|          32|           8|
    |icmp_ln601_fu_387_p2                   |      icmp|   0|  0|  15|           8|           1|
    |outFlag_fu_382_p2                      |      icmp|   0|  0|  39|          32|           1|
    |ap_block_pp0_stage0_01001_grp1         |        or|   0|  0|   2|           1|           1|
    |skip_len_7_fu_402_p3                   |    select|   0|  0|   8|           1|           1|
    |ap_enable_pp0                          |       xor|   0|  0|   2|           1|           2|
    +---------------------------------------+----------+----+---+----+------------+------------+
    |Total                                  |          |   0|  0| 422|         334|         120|
    +---------------------------------------+----------+----+---+----+------------+------------+

    * Multiplexer: 
    +----------------------------------------+----+-----------+-----+-----------+
    |                  Name                  | LUT| Input Size| Bits| Total Bits|
    +----------------------------------------+----+-----------+-----+-----------+
    |ap_done_int                             |   9|          2|    1|          2|
    |ap_enable_reg_pp0_iter3                 |   9|          2|    1|          2|
    |ap_phi_mux_empty_phi_fu_196_p10         |   9|          2|    8|         16|
    |ap_phi_mux_matchFlag_426_phi_fu_176_p4  |  14|          3|    1|          3|
    |ap_phi_mux_skip_len_424_phi_fu_186_p4   |  14|          3|    8|         24|
    |ap_sig_allocacmp_i_4                    |   9|          2|   32|         64|
    |ap_sig_allocacmp_match_ch_load          |   9|          2|    8|         16|
    |bestMatchStream_blk_n                   |   9|          2|    1|          2|
    |boosterStream_blk_n                     |   9|          2|    1|          2|
    |i_fu_86                                 |   9|          2|   32|         64|
    |local_mem_address1_local                |  20|          4|   14|         56|
    |matchFlag_fu_94                         |  20|          4|    1|          4|
    |match_len_fu_98                         |  14|          3|   32|         96|
    |match_loc_fu_102                        |  14|          3|   32|         96|
    |outValue_fu_90                          |   9|          2|   32|         64|
    |skip_len_fu_78                          |  20|          4|   16|         64|
    +----------------------------------------+----+-----------+-----+-----------+
    |Total                                   | 197|         42|  220|        575|
    +----------------------------------------+----+-----------+-----+-----------+

    * Register: 
    +----------------------------------+----+----+-----+-----------+
    |               Name               | FF | LUT| Bits| Const Bits|
    +----------------------------------+----+----+-----+-----------+
    |and_ln591_1_reg_672               |   1|   0|    1|          0|
    |ap_CS_fsm                         |   1|   0|    1|          0|
    |ap_done_reg                       |   1|   0|    1|          0|
    |ap_enable_reg_pp0_iter1           |   1|   0|    1|          0|
    |ap_enable_reg_pp0_iter2           |   1|   0|    1|          0|
    |ap_enable_reg_pp0_iter3           |   1|   0|    1|          0|
    |ap_loop_exit_ready_pp0_iter1_reg  |   1|   0|    1|          0|
    |ap_loop_exit_ready_pp0_iter2_reg  |   1|   0|    1|          0|
    |boostFlag_reg_656                 |   1|   0|    1|          0|
    |i_4_reg_622                       |  32|   0|   32|          0|
    |i_4_reg_622_pp0_iter1_reg         |  32|   0|   32|          0|
    |i_fu_86                           |  32|   0|   32|          0|
    |icmp_ln573_reg_629                |   1|   0|    1|          0|
    |icmp_ln589_reg_663                |   1|   0|    1|          0|
    |icmp_ln601_reg_680                |   1|   0|    1|          0|
    |matchFlag_fu_94                   |   1|   0|    1|          0|
    |match_ch_fu_82                    |   8|   0|    8|          0|
    |match_len_fu_98                   |  32|   0|   32|          0|
    |match_loc_fu_102                  |  32|   0|   32|          0|
    |outFlag_reg_676                   |   1|   0|    1|          0|
    |outValue_2_reg_633                |  32|   0|   32|          0|
    |outValue_fu_90                    |  32|   0|   32|          0|
    |outValue_load_reg_689             |  32|   0|   32|          0|
    |skip_len_fu_78                    |  16|   0|   16|          0|
    |tCh_reg_640                       |   8|   0|    8|          0|
    |tLen_reg_645                      |   8|   0|    8|          0|
    |tOffset_reg_651                   |  16|   0|   16|          0|
    |icmp_ln573_reg_629                |  64|  32|    1|          0|
    +----------------------------------+----+----+-----+-----------+
    |Total                             | 390|  32|  327|          0|
    +----------------------------------+----+----+-----+-----------+



================================================================
== Interface
================================================================
* Summary: 
+--------------------------------+-----+-----+------------+-----------------------------------------------+--------------+
|            RTL Ports           | Dir | Bits|  Protocol  |                 Source Object                 |    C Type    |
+--------------------------------+-----+-----+------------+-----------------------------------------------+--------------+
|ap_clk                          |   in|    1|  ap_ctrl_hs|  lzBooster<255, 16384, 64>_Pipeline_lz_booster|  return value|
|ap_rst                          |   in|    1|  ap_ctrl_hs|  lzBooster<255, 16384, 64>_Pipeline_lz_booster|  return value|
|ap_start                        |   in|    1|  ap_ctrl_hs|  lzBooster<255, 16384, 64>_Pipeline_lz_booster|  return value|
|ap_done                         |  out|    1|  ap_ctrl_hs|  lzBooster<255, 16384, 64>_Pipeline_lz_booster|  return value|
|ap_idle                         |  out|    1|  ap_ctrl_hs|  lzBooster<255, 16384, 64>_Pipeline_lz_booster|  return value|
|ap_ready                        |  out|    1|  ap_ctrl_hs|  lzBooster<255, 16384, 64>_Pipeline_lz_booster|  return value|
|bestMatchStream_dout            |   in|   32|     ap_fifo|                                bestMatchStream|       pointer|
|bestMatchStream_empty_n         |   in|    1|     ap_fifo|                                bestMatchStream|       pointer|
|bestMatchStream_read            |  out|    1|     ap_fifo|                                bestMatchStream|       pointer|
|bestMatchStream_num_data_valid  |   in|    4|     ap_fifo|                                bestMatchStream|       pointer|
|bestMatchStream_fifo_cap        |   in|    4|     ap_fifo|                                bestMatchStream|       pointer|
|boosterStream_din               |  out|   32|     ap_fifo|                                  boosterStream|       pointer|
|boosterStream_full_n            |   in|    1|     ap_fifo|                                  boosterStream|       pointer|
|boosterStream_write             |  out|    1|     ap_fifo|                                  boosterStream|       pointer|
|boosterStream_num_data_valid    |   in|   32|     ap_fifo|                                  boosterStream|       pointer|
|boosterStream_fifo_cap          |   in|   32|     ap_fifo|                                  boosterStream|       pointer|
|sub                             |   in|   32|     ap_none|                                            sub|        scalar|
|outValue_out                    |  out|   32|      ap_vld|                                   outValue_out|       pointer|
|outValue_out_ap_vld             |  out|    1|      ap_vld|                                   outValue_out|       pointer|
+--------------------------------+-----+-----+------------+-----------------------------------------------+--------------+

