

================================================================
== Vitis HLS Report for 'lzCompress_6_4_65536_6_1_2048_64_Pipeline_lz_compress'
================================================================
* Date:           Sat Nov  1 14:11:34 2025

* Version:        2024.2 (Build 5238294 on Nov  8 2024)
* Project:        hls
* Solution:       hls (Vivado IP Flow Target)
* Product family: zynq
* Target device:  xc7z020-clg484-1


================================================================
== Performance Estimates
================================================================
+ Timing: 
    * Summary: 
    +--------+----------+-----------+------------+
    |  Clock |  Target  | Estimated | Uncertainty|
    +--------+----------+-----------+------------+
    |ap_clk  |  15.00 ns|  13.220 ns|     1.50 ns|
    +--------+----------+-----------+------------+

+ Latency: 
    * Summary: 
    +---------+---------+----------+----------+-----+-----+------------------------------------------------+
    |  Latency (cycles) |  Latency (absolute) |  Interval |                    Pipeline                    |
    |   min   |   max   |    min   |    max   | min | max |                      Type                      |
    +---------+---------+----------+----------+-----+-----+------------------------------------------------+
    |        ?|        ?|         ?|         ?|    0|    0|  loop auto-rewind stp (delay=0 clock cycles(s))|
    +---------+---------+----------+----------+-----+-----+------------------------------------------------+

    + Detail: 
        * Instance: 
        N/A

        * Loop: 
        +---------------+---------+---------+----------+-----------+-----------+------+----------+
        |               |  Latency (cycles) | Iteration|  Initiation Interval  | Trip |          |
        |   Loop Name   |   min   |   max   |  Latency |  achieved |   target  | Count| Pipelined|
        +---------------+---------+---------+----------+-----------+-----------+------+----------+
        |- lz_compress  |        ?|        ?|         5|          1|          1|     ?|       yes|
        +---------------+---------+---------+----------+-----------+-----------+------+----------+



================================================================
== Utilization Estimates
================================================================
* Summary: 
+-----------------+---------+-----+--------+-------+-----+
|       Name      | BRAM_18K| DSP |   FF   |  LUT  | URAM|
+-----------------+---------+-----+--------+-------+-----+
|DSP              |        -|    -|       -|      -|    -|
|Expression       |        -|    -|       0|   2440|    -|
|FIFO             |        -|    -|       -|      -|    -|
|Instance         |        -|    -|       -|      -|    -|
|Memory           |        -|    -|       -|      -|    -|
|Multiplexer      |        -|    -|       0|     99|    -|
|Register         |        -|    -|     749|     64|    -|
+-----------------+---------+-----+--------+-------+-----+
|Total            |        0|    0|     749|   2603|    0|
+-----------------+---------+-----+--------+-------+-----+
|Available        |      280|  220|  106400|  53200|    0|
+-----------------+---------+-----+--------+-------+-----+
|Utilization (%)  |        0|    0|      ~0|      4|    0|
+-----------------+---------+-----+--------+-------+-----+

+ Detail: 
    * Instance: 
    N/A

    * DSP: 
    N/A

    * Memory: 
    N/A

    * FIFO: 
    N/A

    * Expression: 
    +---------------------------------------+----------+----+---+----+------------+------------+
    |             Variable Name             | Operation| DSP| FF| LUT| Bitwidth P0| Bitwidth P1|
    +---------------------------------------+----------+----+---+----+------------+------------+
    |currIdx_fu_546_p2                      |         +|   0|  0|  39|          32|           4|
    |i_2_fu_436_p2                          |         +|   0|  0|  39|          32|           1|
    |len_15_fu_879_p2                       |         +|   0|  0|  10|           2|           1|
    |len_17_fu_918_p2                       |         +|   0|  0|  11|           3|           1|
    |len_19_fu_1706_p2                      |         +|   0|  0|  11|           3|           1|
    |len_21_fu_1721_p2                      |         +|   0|  0|  11|           3|           1|
    |len_27_fu_1089_p2                      |         +|   0|  0|  10|           2|           1|
    |len_29_fu_1798_p2                      |         +|   0|  0|  11|           3|           1|
    |len_31_fu_1815_p2                      |         +|   0|  0|  11|           3|           1|
    |len_33_fu_1834_p2                      |         +|   0|  0|  11|           3|           1|
    |len_39_fu_1247_p2                      |         +|   0|  0|  10|           2|           1|
    |len_3_fu_665_p2                        |         +|   0|  0|  10|           2|           1|
    |len_41_fu_1940_p2                      |         +|   0|  0|  11|           3|           1|
    |len_43_fu_1957_p2                      |         +|   0|  0|  11|           3|           1|
    |len_45_fu_1976_p2                      |         +|   0|  0|  11|           3|           1|
    |len_51_fu_1405_p2                      |         +|   0|  0|  10|           2|           1|
    |len_53_fu_2068_p2                      |         +|   0|  0|  11|           3|           1|
    |len_55_fu_2085_p2                      |         +|   0|  0|  11|           3|           1|
    |len_57_fu_2104_p2                      |         +|   0|  0|  11|           3|           1|
    |len_5_fu_704_p2                        |         +|   0|  0|  11|           3|           1|
    |len_63_fu_1563_p2                      |         +|   0|  0|  10|           2|           1|
    |len_65_fu_2196_p2                      |         +|   0|  0|  11|           3|           1|
    |len_67_fu_2213_p2                      |         +|   0|  0|  11|           3|           1|
    |len_69_fu_2232_p2                      |         +|   0|  0|  11|           3|           1|
    |len_7_fu_1628_p2                       |         +|   0|  0|  11|           3|           1|
    |len_9_fu_1643_p2                       |         +|   0|  0|  11|           3|           1|
    |match_offset_1_fu_1743_p2              |         +|   0|  0|  39|          32|           2|
    |match_offset_2_fu_1882_p2              |         +|   0|  0|  39|          32|           2|
    |match_offset_3_fu_2024_p2              |         +|   0|  0|  39|          32|           2|
    |match_offset_4_fu_2152_p2              |         +|   0|  0|  39|          32|           2|
    |match_offset_5_fu_2280_p2              |         +|   0|  0|  39|          32|           2|
    |match_offset_fu_1665_p2                |         +|   0|  0|  39|          32|           2|
    |sub_ln141_1_fu_974_p2                  |         -|   0|  0|  39|          32|          32|
    |sub_ln141_2_fu_1861_p2                 |         -|   0|  0|  39|          32|          32|
    |sub_ln141_3_fu_2003_p2                 |         -|   0|  0|  39|          32|          32|
    |sub_ln141_4_fu_2131_p2                 |         -|   0|  0|  39|          32|          32|
    |sub_ln141_5_fu_2259_p2                 |         -|   0|  0|  39|          32|          32|
    |sub_ln141_fu_760_p2                    |         -|   0|  0|  39|          32|          32|
    |and_ln141_10_fu_2042_p2                |       and|   0|  0|   2|           1|           1|
    |and_ln141_11_fu_2048_p2                |       and|   0|  0|   2|           1|           1|
    |and_ln141_12_fu_2164_p2                |       and|   0|  0|   2|           1|           1|
    |and_ln141_13_fu_2170_p2                |       and|   0|  0|   2|           1|           1|
    |and_ln141_14_fu_2176_p2                |       and|   0|  0|   2|           1|           1|
    |and_ln141_15_fu_2292_p2                |       and|   0|  0|   2|           1|           1|
    |and_ln141_16_fu_2298_p2                |       and|   0|  0|   2|           1|           1|
    |and_ln141_17_fu_2304_p2                |       and|   0|  0|   2|           1|           1|
    |and_ln141_1_fu_1681_p2                 |       and|   0|  0|   2|           1|           1|
    |and_ln141_2_fu_1686_p2                 |       and|   0|  0|   2|           1|           1|
    |and_ln141_3_fu_1754_p2                 |       and|   0|  0|   2|           1|           1|
    |and_ln141_4_fu_1759_p2                 |       and|   0|  0|   2|           1|           1|
    |and_ln141_5_fu_1764_p2                 |       and|   0|  0|   2|           1|           1|
    |and_ln141_6_fu_1894_p2                 |       and|   0|  0|   2|           1|           1|
    |and_ln141_7_fu_1900_p2                 |       and|   0|  0|   2|           1|           1|
    |and_ln141_8_fu_1906_p2                 |       and|   0|  0|   2|           1|           1|
    |and_ln141_9_fu_2036_p2                 |       and|   0|  0|   2|           1|           1|
    |and_ln141_fu_1676_p2                   |       and|   0|  0|   2|           1|           1|
    |ap_block_pp0                           |       and|   0|  0|   2|           1|           1|
    |ap_block_state2_pp0_stage0_iter1_grp1  |       and|   0|  0|   2|           1|           1|
    |ap_enable_state2_pp0_iter1_stage0      |       and|   0|  0|   2|           1|           1|
    |ap_enable_state3_pp0_iter2_stage0      |       and|   0|  0|   2|           1|           1|
    |icmp_ln135_10_fu_963_p2                |      icmp|   0|  0|  15|           8|           8|
    |icmp_ln135_12_fu_1041_p2               |      icmp|   0|  0|  15|           8|           8|
    |icmp_ln135_13_fu_1078_p2               |      icmp|   0|  0|  15|           8|           8|
    |icmp_ln135_14_fu_1113_p2               |      icmp|   0|  0|  15|           8|           8|
    |icmp_ln135_15_fu_1134_p2               |      icmp|   0|  0|  15|           8|           8|
    |icmp_ln135_16_fu_1149_p2               |      icmp|   0|  0|  15|           8|           8|
    |icmp_ln135_18_fu_1199_p2               |      icmp|   0|  0|  15|           8|           8|
    |icmp_ln135_19_fu_1236_p2               |      icmp|   0|  0|  15|           8|           8|
    |icmp_ln135_1_fu_654_p2                 |      icmp|   0|  0|  15|           8|           8|
    |icmp_ln135_20_fu_1271_p2               |      icmp|   0|  0|  15|           8|           8|
    |icmp_ln135_21_fu_1292_p2               |      icmp|   0|  0|  15|           8|           8|
    |icmp_ln135_22_fu_1307_p2               |      icmp|   0|  0|  15|           8|           8|
    |icmp_ln135_24_fu_1357_p2               |      icmp|   0|  0|  15|           8|           8|
    |icmp_ln135_25_fu_1394_p2               |      icmp|   0|  0|  15|           8|           8|
    |icmp_ln135_26_fu_1429_p2               |      icmp|   0|  0|  15|           8|           8|
    |icmp_ln135_27_fu_1450_p2               |      icmp|   0|  0|  15|           8|           8|
    |icmp_ln135_28_fu_1465_p2               |      icmp|   0|  0|  15|           8|           8|
    |icmp_ln135_2_fu_693_p2                 |      icmp|   0|  0|  15|           8|           8|
    |icmp_ln135_30_fu_1515_p2               |      icmp|   0|  0|  15|           8|           8|
    |icmp_ln135_31_fu_1552_p2               |      icmp|   0|  0|  15|           8|           8|
    |icmp_ln135_32_fu_1587_p2               |      icmp|   0|  0|  15|           8|           8|
    |icmp_ln135_33_fu_1608_p2               |      icmp|   0|  0|  15|           8|           8|
    |icmp_ln135_34_fu_1623_p2               |      icmp|   0|  0|  15|           8|           8|
    |icmp_ln135_3_fu_728_p2                 |      icmp|   0|  0|  15|           8|           8|
    |icmp_ln135_4_fu_749_p2                 |      icmp|   0|  0|  15|           8|           8|
    |icmp_ln135_6_fu_831_p2                 |      icmp|   0|  0|  15|           8|           8|
    |icmp_ln135_7_fu_868_p2                 |      icmp|   0|  0|  15|           8|           8|
    |icmp_ln135_8_fu_907_p2                 |      icmp|   0|  0|  15|           8|           8|
    |icmp_ln135_9_fu_942_p2                 |      icmp|   0|  0|  15|           8|           8|
    |icmp_ln135_fu_617_p2                   |      icmp|   0|  0|  15|           8|           8|
    |icmp_ln141_10_fu_2254_p2               |      icmp|   0|  0|  39|          32|          32|
    |icmp_ln141_11_fu_2274_p2               |      icmp|   0|  0|  23|          16|           1|
    |icmp_ln141_1_fu_776_p2                 |      icmp|   0|  0|  23|          16|           1|
    |icmp_ln141_2_fu_968_p2                 |      icmp|   0|  0|  39|          32|          32|
    |icmp_ln141_3_fu_990_p2                 |      icmp|   0|  0|  23|          16|           1|
    |icmp_ln141_4_fu_1856_p2                |      icmp|   0|  0|  39|          32|          32|
    |icmp_ln141_5_fu_1876_p2                |      icmp|   0|  0|  23|          16|           1|
    |icmp_ln141_6_fu_1998_p2                |      icmp|   0|  0|  39|          32|          32|
    |icmp_ln141_7_fu_2018_p2                |      icmp|   0|  0|  23|          16|           1|
    |icmp_ln141_8_fu_2126_p2                |      icmp|   0|  0|  39|          32|          32|
    |icmp_ln141_9_fu_2146_p2                |      icmp|   0|  0|  23|          16|           1|
    |icmp_ln141_fu_754_p2                   |      icmp|   0|  0|  39|          32|          32|
    |icmp_ln142_1_fu_1748_p2                |      icmp|   0|  0|  39|          32|           1|
    |icmp_ln142_2_fu_1888_p2                |      icmp|   0|  0|  39|          32|           1|
    |icmp_ln142_3_fu_2030_p2                |      icmp|   0|  0|  39|          32|           1|
    |icmp_ln142_4_fu_2158_p2                |      icmp|   0|  0|  39|          32|           1|
    |icmp_ln142_5_fu_2286_p2                |      icmp|   0|  0|  39|          32|           1|
    |icmp_ln142_fu_1670_p2                  |      icmp|   0|  0|  39|          32|           1|
    |icmp_ln149_1_fu_1778_p2                |      icmp|   0|  0|  11|           3|           3|
    |icmp_ln149_2_fu_1920_p2                |      icmp|   0|  0|  11|           3|           3|
    |icmp_ln149_3_fu_2348_p2                |      icmp|   0|  0|  11|           3|           3|
    |icmp_ln149_4_fu_2358_p2                |      icmp|   0|  0|  11|           3|           3|
    |icmp_ln149_5_fu_2370_p2                |      icmp|   0|  0|  11|           3|           3|
    |icmp_ln149_fu_1700_p2                  |      icmp|   0|  0|  11|           3|           1|
    |icmp_ln87_fu_430_p2                    |      icmp|   0|  0|  39|          32|          32|
    |len_12_fu_806_p2                       |      icmp|   0|  0|  15|           8|           8|
    |len_24_fu_1016_p2                      |      icmp|   0|  0|  15|           8|           8|
    |len_36_fu_1174_p2                      |      icmp|   0|  0|  15|           8|           8|
    |len_48_fu_1332_p2                      |      icmp|   0|  0|  15|           8|           8|
    |len_60_fu_1490_p2                      |      icmp|   0|  0|  15|           8|           8|
    |len_fu_592_p2                          |      icmp|   0|  0|  15|           8|           8|
    |ap_block_pp0_stage0_01001_grp1         |        or|   0|  0|   2|           1|           1|
    |done_11_fu_1046_p2                     |        or|   0|  0|   2|           1|           1|
    |done_12_fu_1083_p2                     |        or|   0|  0|   2|           1|           1|
    |done_13_fu_1118_p2                     |        or|   0|  0|   2|           1|           1|
    |done_14_fu_1811_p2                     |        or|   0|  0|   2|           1|           1|
    |done_16_fu_1204_p2                     |        or|   0|  0|   2|           1|           1|
    |done_17_fu_1241_p2                     |        or|   0|  0|   2|           1|           1|
    |done_18_fu_1276_p2                     |        or|   0|  0|   2|           1|           1|
    |done_19_fu_1953_p2                     |        or|   0|  0|   2|           1|           1|
    |done_1_fu_622_p2                       |        or|   0|  0|   2|           1|           1|
    |done_21_fu_1362_p2                     |        or|   0|  0|   2|           1|           1|
    |done_22_fu_1399_p2                     |        or|   0|  0|   2|           1|           1|
    |done_23_fu_1434_p2                     |        or|   0|  0|   2|           1|           1|
    |done_24_fu_2081_p2                     |        or|   0|  0|   2|           1|           1|
    |done_26_fu_1520_p2                     |        or|   0|  0|   2|           1|           1|
    |done_27_fu_1557_p2                     |        or|   0|  0|   2|           1|           1|
    |done_28_fu_1592_p2                     |        or|   0|  0|   2|           1|           1|
    |done_29_fu_2209_p2                     |        or|   0|  0|   2|           1|           1|
    |done_2_fu_659_p2                       |        or|   0|  0|   2|           1|           1|
    |done_3_fu_698_p2                       |        or|   0|  0|   2|           1|           1|
    |done_4_fu_733_p2                       |        or|   0|  0|   2|           1|           1|
    |done_6_fu_836_p2                       |        or|   0|  0|   2|           1|           1|
    |done_7_fu_873_p2                       |        or|   0|  0|   2|           1|           1|
    |done_8_fu_912_p2                       |        or|   0|  0|   2|           1|           1|
    |done_9_fu_947_p2                       |        or|   0|  0|   2|           1|           1|
    |or_ln135_10_fu_1829_p2                 |        or|   0|  0|   2|           1|           1|
    |or_ln135_15_fu_1971_p2                 |        or|   0|  0|   2|           1|           1|
    |or_ln135_20_fu_2099_p2                 |        or|   0|  0|   2|           1|           1|
    |or_ln135_25_fu_2227_p2                 |        or|   0|  0|   2|           1|           1|
    |or_ln135_5_fu_1717_p2                  |        or|   0|  0|   2|           1|           1|
    |or_ln135_fu_1639_p2                    |        or|   0|  0|   2|           1|           1|
    |or_ln149_1_fu_2381_p2                  |        or|   0|  0|   2|           1|           1|
    |or_ln149_2_fu_2334_p2                  |        or|   0|  0|   2|           1|           1|
    |or_ln149_3_fu_2422_p2                  |        or|   0|  0|   2|           1|           1|
    |or_ln149_fu_2375_p2                    |        or|   0|  0|   2|           1|           1|
    |len_10_fu_1649_p3                      |    select|   0|  0|   3|           1|           3|
    |len_13_fu_842_p3                       |    select|   0|  0|   3|           1|           3|
    |len_14_fu_850_p3                       |    select|   0|  0|   2|           1|           2|
    |len_16_fu_885_p3                       |    select|   0|  0|   2|           1|           2|
    |len_18_fu_924_p3                       |    select|   0|  0|   3|           1|           3|
    |len_1_fu_628_p3                        |    select|   0|  0|   3|           1|           3|
    |len_20_fu_1711_p3                      |    select|   0|  0|   3|           1|           3|
    |len_22_fu_1727_p3                      |    select|   0|  0|   3|           1|           3|
    |len_25_fu_1052_p3                      |    select|   0|  0|   3|           1|           3|
    |len_26_fu_1060_p3                      |    select|   0|  0|   2|           1|           2|
    |len_28_fu_1095_p3                      |    select|   0|  0|   2|           1|           2|
    |len_2_fu_636_p3                        |    select|   0|  0|   2|           1|           2|
    |len_30_fu_1804_p3                      |    select|   0|  0|   3|           1|           3|
    |len_32_fu_1821_p3                      |    select|   0|  0|   3|           1|           3|
    |len_34_fu_1840_p3                      |    select|   0|  0|   3|           1|           3|
    |len_37_fu_1210_p3                      |    select|   0|  0|   3|           1|           3|
    |len_38_fu_1218_p3                      |    select|   0|  0|   2|           1|           2|
    |len_40_fu_1253_p3                      |    select|   0|  0|   2|           1|           2|
    |len_42_fu_1946_p3                      |    select|   0|  0|   3|           1|           3|
    |len_44_fu_1963_p3                      |    select|   0|  0|   3|           1|           3|
    |len_46_fu_1982_p3                      |    select|   0|  0|   3|           1|           3|
    |len_49_fu_1368_p3                      |    select|   0|  0|   3|           1|           3|
    |len_4_fu_671_p3                        |    select|   0|  0|   2|           1|           2|
    |len_50_fu_1376_p3                      |    select|   0|  0|   2|           1|           2|
    |len_52_fu_1411_p3                      |    select|   0|  0|   2|           1|           2|
    |len_54_fu_2074_p3                      |    select|   0|  0|   3|           1|           3|
    |len_56_fu_2091_p3                      |    select|   0|  0|   3|           1|           3|
    |len_58_fu_2110_p3                      |    select|   0|  0|   3|           1|           3|
    |len_61_fu_1526_p3                      |    select|   0|  0|   3|           1|           3|
    |len_62_fu_1534_p3                      |    select|   0|  0|   2|           1|           2|
    |len_64_fu_1569_p3                      |    select|   0|  0|   2|           1|           2|
    |len_66_fu_2202_p3                      |    select|   0|  0|   3|           1|           3|
    |len_68_fu_2219_p3                      |    select|   0|  0|   3|           1|           3|
    |len_6_fu_710_p3                        |    select|   0|  0|   3|           1|           3|
    |len_70_fu_2238_p3                      |    select|   0|  0|   3|           1|           3|
    |len_72_fu_1692_p3                      |    select|   0|  0|   3|           1|           3|
    |len_73_fu_1770_p3                      |    select|   0|  0|   3|           1|           3|
    |len_74_fu_1912_p3                      |    select|   0|  0|   3|           1|           3|
    |len_75_fu_2054_p3                      |    select|   0|  0|   3|           1|           3|
    |len_76_fu_2182_p3                      |    select|   0|  0|   3|           1|           3|
    |len_77_fu_2310_p3                      |    select|   0|  0|   3|           1|           3|
    |len_8_fu_1633_p3                       |    select|   0|  0|   3|           1|           3|
    |match_length_10_fu_2435_p3             |    select|   0|  0|   3|           1|           3|
    |match_length_2_fu_1784_p3              |    select|   0|  0|   3|           1|           3|
    |match_length_4_fu_1926_p3              |    select|   0|  0|   3|           1|           3|
    |match_length_6_fu_2352_p3              |    select|   0|  0|   3|           1|           3|
    |match_length_8_fu_2363_p3              |    select|   0|  0|   3|           1|           3|
    |select_ln149_1_fu_2392_p3              |    select|   0|  0|  16|           1|          16|
    |select_ln149_2_fu_2406_p3              |    select|   0|  0|  16|           1|          16|
    |select_ln149_3_fu_2414_p3              |    select|   0|  0|  16|           1|          16|
    |select_ln149_4_fu_2340_p3              |    select|   0|  0|  16|           1|          16|
    |select_ln149_5_fu_2428_p3              |    select|   0|  0|  16|           1|          16|
    |select_ln149_fu_2326_p3                |    select|   0|  0|  16|           1|          16|
    |ap_enable_pp0                          |       xor|   0|  0|   2|           1|           2|
    |done_10_fu_1025_p2                     |       xor|   0|  0|   2|           1|           2|
    |done_15_fu_1183_p2                     |       xor|   0|  0|   2|           1|           2|
    |done_20_fu_1341_p2                     |       xor|   0|  0|   2|           1|           2|
    |done_25_fu_1499_p2                     |       xor|   0|  0|   2|           1|           2|
    |done_5_fu_815_p2                       |       xor|   0|  0|   2|           1|           2|
    |done_fu_601_p2                         |       xor|   0|  0|   2|           1|           2|
    |hash_fu_510_p2                         |       xor|   0|  0|  11|          11|          11|
    |xor_ln111_1_fu_504_p2                  |       xor|   0|  0|  11|          11|          11|
    |xor_ln111_fu_494_p2                    |       xor|   0|  0|  10|          10|          10|
    +---------------------------------------+----------+----+---+----+------------+------------+
    |Total                                  |          |   0|  0|2440|        1481|        1101|
    +---------------------------------------+----------+----+---+----+------------+------------+

    * Multiplexer: 
    +--------------------------+----+-----------+-----+-----------+
    |           Name           | LUT| Input Size| Bits| Total Bits|
    +--------------------------+----+-----------+-----+-----------+
    |ap_done_int               |   9|          2|    1|          2|
    |ap_enable_reg_pp0_iter2   |   9|          2|    1|          2|
    |ap_sig_allocacmp_i_1      |   9|          2|   32|         64|
    |compressdStream_blk_n     |   9|          2|    1|          2|
    |i_fu_272                  |   9|          2|   32|         64|
    |inStream_blk_n            |   9|          2|    1|          2|
    |present_window_11_fu_276  |   9|          2|    8|         16|
    |present_window_12_fu_280  |   9|          2|    8|         16|
    |present_window_13_fu_284  |   9|          2|    8|         16|
    |present_window_14_fu_288  |   9|          2|    8|         16|
    |present_window_15_fu_292  |   9|          2|    8|         16|
    +--------------------------+----+-----------+-----+-----------+
    |Total                     |  99|         22|  108|        216|
    +--------------------------+----+-----------+-----+-----------+

    * Register: 
    +-----------------------------------------------+----+----+-----+-----------+
    |                      Name                     | FF | LUT| Bits| Const Bits|
    +-----------------------------------------------+----+----+-----+-----------+
    |ap_CS_fsm                                      |   1|   0|    1|          0|
    |ap_block_pp0_stage0_subdone_grp0_done_reg      |   1|   0|    1|          0|
    |ap_done_reg                                    |   1|   0|    1|          0|
    |ap_enable_reg_pp0_iter1                        |   1|   0|    1|          0|
    |ap_enable_reg_pp0_iter2                        |   1|   0|    1|          0|
    |ap_enable_reg_pp0_iter3                        |   1|   0|    1|          0|
    |ap_enable_reg_pp0_iter4                        |   1|   0|    1|          0|
    |ap_loop_exit_ready_pp0_iter1_reg               |   1|   0|    1|          0|
    |ap_loop_exit_ready_pp0_iter2_reg               |   1|   0|    1|          0|
    |ap_loop_exit_ready_pp0_iter3_reg               |   1|   0|    1|          0|
    |compareIdx_2_reg_2665                          |  24|   0|   24|          0|
    |compareIdx_3_reg_2691                          |  24|   0|   24|          0|
    |compareIdx_4_reg_2717                          |  24|   0|   24|          0|
    |compareIdx_5_reg_2743                          |  24|   0|   24|          0|
    |currIdx_reg_2589                               |  32|   0|   32|          0|
    |dict_addr_reg_2583                             |  11|   0|   11|          0|
    |done_13_reg_2675                               |   1|   0|    1|          0|
    |done_18_reg_2701                               |   1|   0|    1|          0|
    |done_23_reg_2727                               |   1|   0|    1|          0|
    |done_28_reg_2753                               |   1|   0|    1|          0|
    |done_4_reg_2607                                |   1|   0|    1|          0|
    |done_9_reg_2639                                |   1|   0|    1|          0|
    |i_1_reg_2503                                   |  32|   0|   32|          0|
    |i_1_reg_2503_pp0_iter1_reg                     |  32|   0|   32|          0|
    |i_fu_272                                       |  32|   0|   32|          0|
    |icmp_ln135_10_reg_2645                         |   1|   0|    1|          0|
    |icmp_ln135_15_reg_2681                         |   1|   0|    1|          0|
    |icmp_ln135_16_reg_2686                         |   1|   0|    1|          0|
    |icmp_ln135_21_reg_2707                         |   1|   0|    1|          0|
    |icmp_ln135_22_reg_2712                         |   1|   0|    1|          0|
    |icmp_ln135_27_reg_2733                         |   1|   0|    1|          0|
    |icmp_ln135_28_reg_2738                         |   1|   0|    1|          0|
    |icmp_ln135_33_reg_2759                         |   1|   0|    1|          0|
    |icmp_ln135_34_reg_2764                         |   1|   0|    1|          0|
    |icmp_ln135_4_reg_2613                          |   1|   0|    1|          0|
    |icmp_ln141_1_reg_2628                          |   1|   0|    1|          0|
    |icmp_ln141_2_reg_2650                          |   1|   0|    1|          0|
    |icmp_ln141_3_reg_2660                          |   1|   0|    1|          0|
    |icmp_ln141_reg_2618                            |   1|   0|    1|          0|
    |icmp_ln149_2_reg_2774                          |   1|   0|    1|          0|
    |icmp_ln87_reg_2508                             |   1|   0|    1|          0|
    |inStream_read_reg_2572                         |   8|   0|    8|          0|
    |len_18_reg_2633                                |   3|   0|    3|          0|
    |len_28_reg_2670                                |   2|   0|    2|          0|
    |len_40_reg_2696                                |   2|   0|    2|          0|
    |len_52_reg_2722                                |   2|   0|    2|          0|
    |len_64_reg_2748                                |   2|   0|    2|          0|
    |len_6_reg_2601                                 |   3|   0|    3|          0|
    |len_75_reg_2790                                |   3|   0|    3|          0|
    |len_76_reg_2801                                |   3|   0|    3|          0|
    |len_77_reg_2812                                |   3|   0|    3|          0|
    |match_length_4_reg_2779                        |   3|   0|    3|          0|
    |match_offset_2_reg_2769                        |  32|   0|   32|          0|
    |match_offset_3_reg_2785                        |  32|   0|   32|          0|
    |match_offset_4_reg_2796                        |  32|   0|   32|          0|
    |match_offset_5_reg_2807                        |  32|   0|   32|          0|
    |present_window_11_fu_276                       |   8|   0|    8|          0|
    |present_window_11_load_reg_2560                |   8|   0|    8|          0|
    |present_window_12_fu_280                       |   8|   0|    8|          0|
    |present_window_12_load_reg_2512                |   8|   0|    8|          0|
    |present_window_12_load_reg_2512_pp0_iter2_reg  |   8|   0|    8|          0|
    |present_window_13_fu_284                       |   8|   0|    8|          0|
    |present_window_13_load_reg_2524                |   8|   0|    8|          0|
    |present_window_13_load_reg_2524_pp0_iter2_reg  |   8|   0|    8|          0|
    |present_window_14_fu_288                       |   8|   0|    8|          0|
    |present_window_14_load_reg_2536                |   8|   0|    8|          0|
    |present_window_14_load_reg_2536_pp0_iter2_reg  |   8|   0|    8|          0|
    |present_window_15_fu_292                       |   8|   0|    8|          0|
    |present_window_15_load_reg_2548                |   8|   0|    8|          0|
    |present_window_15_load_reg_2548_pp0_iter2_reg  |   8|   0|    8|          0|
    |select_ln149_4_reg_2818                        |  16|   0|   16|          0|
    |sub_ln141_1_reg_2655                           |  32|   0|   32|          0|
    |sub_ln141_reg_2623                             |  32|   0|   32|          0|
    |icmp_ln87_reg_2508                             |  64|  32|    1|          0|
    |present_window_11_load_reg_2560                |  64|  32|    8|          0|
    +-----------------------------------------------+----+----+-----+-----------+
    |Total                                          | 749|  64|  630|          0|
    +-----------------------------------------------+----+----+-----+-----------+



================================================================
== Interface
================================================================
* Summary: 
+---------------------------------+-----+-----+------------+--------------------------------------------------------------+--------------+
|            RTL Ports            | Dir | Bits|  Protocol  |                         Source Object                        |    C Type    |
+---------------------------------+-----+-----+------------+--------------------------------------------------------------+--------------+
|ap_clk                           |   in|    1|  ap_ctrl_hs|  lzCompress<6, 4, 65536, 6, 1, 2048, 64>_Pipeline_lz_compress|  return value|
|ap_rst                           |   in|    1|  ap_ctrl_hs|  lzCompress<6, 4, 65536, 6, 1, 2048, 64>_Pipeline_lz_compress|  return value|
|ap_start                         |   in|    1|  ap_ctrl_hs|  lzCompress<6, 4, 65536, 6, 1, 2048, 64>_Pipeline_lz_compress|  return value|
|ap_done                          |  out|    1|  ap_ctrl_hs|  lzCompress<6, 4, 65536, 6, 1, 2048, 64>_Pipeline_lz_compress|  return value|
|ap_idle                          |  out|    1|  ap_ctrl_hs|  lzCompress<6, 4, 65536, 6, 1, 2048, 64>_Pipeline_lz_compress|  return value|
|ap_ready                         |  out|    1|  ap_ctrl_hs|  lzCompress<6, 4, 65536, 6, 1, 2048, 64>_Pipeline_lz_compress|  return value|
|inStream_dout                    |   in|    8|     ap_fifo|                                                      inStream|       pointer|
|inStream_empty_n                 |   in|    1|     ap_fifo|                                                      inStream|       pointer|
|inStream_read                    |  out|    1|     ap_fifo|                                                      inStream|       pointer|
|compressdStream_din              |  out|   32|     ap_fifo|                                               compressdStream|       pointer|
|compressdStream_full_n           |   in|    1|     ap_fifo|                                               compressdStream|       pointer|
|compressdStream_write            |  out|    1|     ap_fifo|                                               compressdStream|       pointer|
|compressdStream_num_data_valid   |   in|    4|     ap_fifo|                                               compressdStream|       pointer|
|compressdStream_fifo_cap         |   in|    4|     ap_fifo|                                               compressdStream|       pointer|
|arrayidx55_promoted157_reload    |   in|    8|     ap_none|                                 arrayidx55_promoted157_reload|        scalar|
|arrayidx46_3_promoted155_reload  |   in|    8|     ap_none|                               arrayidx46_3_promoted155_reload|        scalar|
|arrayidx65_promoted153_reload    |   in|    8|     ap_none|                                 arrayidx65_promoted153_reload|        scalar|
|arrayidx61_promoted151_reload    |   in|    8|     ap_none|                                 arrayidx61_promoted151_reload|        scalar|
|arrayidx58_promoted149_reload    |   in|    8|     ap_none|                                 arrayidx58_promoted149_reload|        scalar|
|sub34                            |   in|   32|     ap_none|                                                         sub34|        scalar|
|dict_address0                    |  out|   11|   ap_memory|                                                          dict|         array|
|dict_ce0                         |  out|    1|   ap_memory|                                                          dict|         array|
|dict_we0                         |  out|    1|   ap_memory|                                                          dict|         array|
|dict_d0                          |  out|  432|   ap_memory|                                                          dict|         array|
|dict_address1                    |  out|   11|   ap_memory|                                                          dict|         array|
|dict_ce1                         |  out|    1|   ap_memory|                                                          dict|         array|
|dict_q1                          |   in|  432|   ap_memory|                                                          dict|         array|
|present_window_15_out            |  out|    8|      ap_vld|                                         present_window_15_out|       pointer|
|present_window_15_out_ap_vld     |  out|    1|      ap_vld|                                         present_window_15_out|       pointer|
|present_window_14_out            |  out|    8|      ap_vld|                                         present_window_14_out|       pointer|
|present_window_14_out_ap_vld     |  out|    1|      ap_vld|                                         present_window_14_out|       pointer|
|present_window_13_out            |  out|    8|      ap_vld|                                         present_window_13_out|       pointer|
|present_window_13_out_ap_vld     |  out|    1|      ap_vld|                                         present_window_13_out|       pointer|
|present_window_12_out            |  out|    8|      ap_vld|                                         present_window_12_out|       pointer|
|present_window_12_out_ap_vld     |  out|    1|      ap_vld|                                         present_window_12_out|       pointer|
|present_window_11_out            |  out|    8|      ap_vld|                                         present_window_11_out|       pointer|
|present_window_11_out_ap_vld     |  out|    1|      ap_vld|                                         present_window_11_out|       pointer|
+---------------------------------+-----+-----+------------+--------------------------------------------------------------+--------------+

