

================================================================
== Vitis HLS Report for 'lzCompress_6_4_65536_6_1_2048_64_Pipeline_lz_compress_leftover'
================================================================
* Date:           Sat Nov  1 14:11:34 2025

* Version:        2024.2 (Build 5238294 on Nov  8 2024)
* Project:        hls
* Solution:       hls (Vivado IP Flow Target)
* Product family: zynq
* Target device:  xc7z020-clg484-1


================================================================
== Performance Estimates
================================================================
+ Timing: 
    * Summary: 
    +--------+----------+----------+------------+
    |  Clock |  Target  | Estimated| Uncertainty|
    +--------+----------+----------+------------+
    |ap_clk  |  15.00 ns|  4.826 ns|     1.50 ns|
    +--------+----------+----------+------------+

+ Latency: 
    * Summary: 
    +---------+---------+----------+----------+-----+-----+------------------------------------------------+
    |  Latency (cycles) |  Latency (absolute) |  Interval |                    Pipeline                    |
    |   min   |   max   |    min   |    max   | min | max |                      Type                      |
    +---------+---------+----------+----------+-----+-----+------------------------------------------------+
    |        7|        7|  0.105 us|  0.105 us|    6|    6|  loop auto-rewind stp (delay=0 clock cycles(s))|
    +---------+---------+----------+----------+-----+-----+------------------------------------------------+

    + Detail: 
        * Instance: 
        N/A

        * Loop: 
        +------------------------+---------+---------+----------+-----------+-----------+------+----------+
        |                        |  Latency (cycles) | Iteration|  Initiation Interval  | Trip |          |
        |        Loop Name       |   min   |   max   |  Latency |  achieved |   target  | Count| Pipelined|
        +------------------------+---------+---------+----------+-----------+-----------+------+----------+
        |- lz_compress_leftover  |        5|        5|         2|          1|          1|     5|       yes|
        +------------------------+---------+---------+----------+-----------+-----------+------+----------+



================================================================
== Utilization Estimates
================================================================
* Summary: 
+-----------------+---------+-----+--------+-------+-----+
|       Name      | BRAM_18K| DSP |   FF   |  LUT  | URAM|
+-----------------+---------+-----+--------+-------+-----+
|DSP              |        -|    -|       -|      -|    -|
|Expression       |        -|    -|       0|     26|    -|
|FIFO             |        -|    -|       -|      -|    -|
|Instance         |        -|    -|       0|     25|    -|
|Memory           |        -|    -|       -|      -|    -|
|Multiplexer      |        -|    -|       0|     45|    -|
|Register         |        -|    -|      14|      -|    -|
+-----------------+---------+-----+--------+-------+-----+
|Total            |        0|    0|      14|     96|    0|
+-----------------+---------+-----+--------+-------+-----+
|Available        |      280|  220|  106400|  53200|    0|
+-----------------+---------+-----+--------+-------+-----+
|Utilization (%)  |        0|    0|      ~0|     ~0|    0|
+-----------------+---------+-----+--------+-------+-----+

+ Detail: 
    * Instance: 
    +--------------------------+----------------------+---------+----+---+----+-----+
    |         Instance         |        Module        | BRAM_18K| DSP| FF| LUT| URAM|
    +--------------------------+----------------------+---------+----+---+----+-----+
    |sparsemux_11_3_8_1_1_U27  |sparsemux_11_3_8_1_1  |        0|   0|  0|  25|    0|
    +--------------------------+----------------------+---------+----+---+----+-----+
    |Total                     |                      |        0|   0|  0|  25|    0|
    +--------------------------+----------------------+---------+----+---+----+-----+

    * DSP: 
    N/A

    * Memory: 
    N/A

    * FIFO: 
    N/A

    * Expression: 
    +--------------------------------+----------+----+---+----+------------+------------+
    |          Variable Name         | Operation| DSP| FF| LUT| Bitwidth P0| Bitwidth P1|
    +--------------------------------+----------+----+---+----+------------+------------+
    |add_ln161_fu_145_p2             |         +|   0|  0|  11|           3|           1|
    |ap_block_pp0_stage0_01001_grp1  |       and|   0|  0|   2|           1|           1|
    |icmp_ln161_fu_111_p2            |      icmp|   0|  0|  11|           3|           3|
    |ap_enable_pp0                   |       xor|   0|  0|   2|           1|           2|
    +--------------------------------+----------+----+---+----+------------+------------+
    |Total                           |          |   0|  0|  26|           8|           7|
    +--------------------------------+----------+----+---+----+------------+------------+

    * Multiplexer: 
    +-------------------------+----+-----------+-----+-----------+
    |           Name          | LUT| Input Size| Bits| Total Bits|
    +-------------------------+----+-----------+-----+-----------+
    |ap_done_int              |   9|          2|    1|          2|
    |ap_enable_reg_pp0_iter1  |   9|          2|    1|          2|
    |ap_sig_allocacmp_m_1     |   9|          2|    3|          6|
    |compressdStream_blk_n    |   9|          2|    1|          2|
    |m_fu_62                  |   9|          2|    3|          6|
    +-------------------------+----+-----------+-----+-----------+
    |Total                    |  45|         10|    9|         18|
    +-------------------------+----+-----------+-----+-----------+

    * Register: 
    +-------------------------+---+----+-----+-----------+
    |           Name          | FF| LUT| Bits| Const Bits|
    +-------------------------+---+----+-----+-----------+
    |ap_CS_fsm                |  1|   0|    1|          0|
    |ap_done_reg              |  1|   0|    1|          0|
    |ap_enable_reg_pp0_iter1  |  1|   0|    1|          0|
    |m_fu_62                  |  3|   0|    3|          0|
    |outValue_reg_170         |  8|   0|    8|          0|
    +-------------------------+---+----+-----+-----------+
    |Total                    | 14|   0|   14|          0|
    +-------------------------+---+----+-----+-----------+



================================================================
== Interface
================================================================
* Summary: 
+--------------------------------+-----+-----+------------+-----------------------------------------------------------------------+--------------+
|            RTL Ports           | Dir | Bits|  Protocol  |                             Source Object                             |    C Type    |
+--------------------------------+-----+-----+------------+-----------------------------------------------------------------------+--------------+
|ap_clk                          |   in|    1|  ap_ctrl_hs|  lzCompress<6, 4, 65536, 6, 1, 2048, 64>_Pipeline_lz_compress_leftover|  return value|
|ap_rst                          |   in|    1|  ap_ctrl_hs|  lzCompress<6, 4, 65536, 6, 1, 2048, 64>_Pipeline_lz_compress_leftover|  return value|
|ap_start                        |   in|    1|  ap_ctrl_hs|  lzCompress<6, 4, 65536, 6, 1, 2048, 64>_Pipeline_lz_compress_leftover|  return value|
|ap_done                         |  out|    1|  ap_ctrl_hs|  lzCompress<6, 4, 65536, 6, 1, 2048, 64>_Pipeline_lz_compress_leftover|  return value|
|ap_idle                         |  out|    1|  ap_ctrl_hs|  lzCompress<6, 4, 65536, 6, 1, 2048, 64>_Pipeline_lz_compress_leftover|  return value|
|ap_ready                        |  out|    1|  ap_ctrl_hs|  lzCompress<6, 4, 65536, 6, 1, 2048, 64>_Pipeline_lz_compress_leftover|  return value|
|compressdStream_din             |  out|   32|     ap_fifo|                                                        compressdStream|       pointer|
|compressdStream_full_n          |   in|    1|     ap_fifo|                                                        compressdStream|       pointer|
|compressdStream_write           |  out|    1|     ap_fifo|                                                        compressdStream|       pointer|
|compressdStream_num_data_valid  |   in|   32|     ap_fifo|                                                        compressdStream|       pointer|
|compressdStream_fifo_cap        |   in|   32|     ap_fifo|                                                        compressdStream|       pointer|
|select_ln80_4                   |   in|    8|     ap_none|                                                          select_ln80_4|        scalar|
|select_ln80_3                   |   in|    8|     ap_none|                                                          select_ln80_3|        scalar|
|select_ln80_2                   |   in|    8|     ap_none|                                                          select_ln80_2|        scalar|
|select_ln80_1                   |   in|    8|     ap_none|                                                          select_ln80_1|        scalar|
|select_ln80                     |   in|    8|     ap_none|                                                            select_ln80|        scalar|
+--------------------------------+-----+-----+------------+-----------------------------------------------------------------------+--------------+

